// Jest Snapshot v1, https://goo.gl/fbAQLP

exports[`<Login /> render it 1`] = `
.UOYLj {
  display: inline-block;
  margin-right: 8px;
  color: #FFFFFF;
  fill: #111;
  background-color: #111;
  height: 32px;
  padding: 0 11px;
  font-family: inherit;
  font-size: 14px;
  font-weight: 500;
  line-height: 29px;
  text-decoration: none;
  cursor: pointer;
  border: 1px solid transparent;
  border-color: #ddd;
  border-radius: 5px;
  box-shadow: 0 1px 1px rgba(0,0,0,.04);
  -webkit-transition: all .2s ease-in-out;
  transition: all .2s ease-in-out;
  text-align: center;
  -webkit-user-select: none;
  -moz-user-select: none;
  -ms-user-select: none;
  user-select: none;
  text-decoration: none;
}

.foMYJe {
  display: inline-block;
  color: #111;
  height: 110px;
  width: 110px;
  -webkit-user-select: 'none';
  -moz-user-select: 'none';
  -ms-user-select: 'none';
  user-select: 'none';
  fill: #111;
}

.bZPcXB {
  padding: 6px;
  color: #999;
  text-decoration: underline;
  -webkit-transition: color 0.2s ease-in-out,opacity 0.2s ease-in-out;
  transition: color 0.2s ease-in-out,opacity 0.2s ease-in-out;
}

.bZPcXB:hover,
.bZPcXB:focus {
  color: #111;
}

.kuCGeq {
  padding: 10px;
  display: -webkit-box;
  display: -webkit-flex;
  display: -ms-flexbox;
  display: flex;
  height: 100%;
  width: 100%;
  display: -webkit-box;
  display: -webkit-flex;
  display: -ms-flexbox;
  display: flex;
  -webkit-box-pack: center;
  -webkit-justify-content: center;
  -ms-flex-pack: center;
  justify-content: center;
  -webkit-align-items: center;
  -webkit-box-align: center;
  -ms-flex-align: center;
  align-items: center;
}

.kDKDgn {
  display: -webkit-box;
  display: -webkit-flex;
  display: -ms-flexbox;
  display: flex;
  -webkit-flex-direction: column;
  -ms-flex-direction: column;
  flex-direction: column;
  -webkit-align-items: center;
  -webkit-box-align: center;
  -ms-flex-align: center;
  align-items: center;
  height: 300px;
  -webkit-box-pack: space-around;
  -webkit-justify-content: space-around;
  -ms-flex-pack: space-around;
  justify-content: space-around;
}

.jwduuI {
  font-size: 36px;
  font-weight: bold;
  line-height: 1.2;
}

.hJohEA {
  text-align: center;
}

<div
  className="sc-bxivhb kuCGeq"
>
  .UOYLj {
  display: inline-block;
  margin-right: 8px;
  color: #FFFFFF;
  fill: #111;
  background-color: #111;
  height: 32px;
  padding: 0 11px;
  font-family: inherit;
  font-size: 14px;
  font-weight: 500;
  line-height: 29px;
  text-decoration: none;
  cursor: pointer;
  border: 1px solid transparent;
  border-color: #ddd;
  border-radius: 5px;
  box-shadow: 0 1px 1px rgba(0,0,0,.04);
  -webkit-transition: all .2s ease-in-out;
  transition: all .2s ease-in-out;
  text-align: center;
  -webkit-user-select: none;
  -moz-user-select: none;
  -ms-user-select: none;
  user-select: none;
  text-decoration: none;
}

.foMYJe {
  display: inline-block;
  color: #111;
  height: 110px;
  width: 110px;
  -webkit-user-select: 'none';
  -moz-user-select: 'none';
  -ms-user-select: 'none';
  user-select: 'none';
  fill: #111;
}

.bZPcXB {
  padding: 6px;
  color: #999;
  text-decoration: underline;
  -webkit-transition: color 0.2s ease-in-out,opacity 0.2s ease-in-out;
  transition: color 0.2s ease-in-out,opacity 0.2s ease-in-out;
}

.bZPcXB:hover,
.bZPcXB:focus {
  color: #111;
}

.kDKDgn {
  display: -webkit-box;
  display: -webkit-flex;
  display: -ms-flexbox;
  display: flex;
  -webkit-flex-direction: column;
  -ms-flex-direction: column;
  flex-direction: column;
  -webkit-align-items: center;
  -webkit-box-align: center;
  -ms-flex-align: center;
  align-items: center;
  height: 300px;
  -webkit-box-pack: space-around;
  -webkit-justify-content: space-around;
  -ms-flex-pack: space-around;
  justify-content: space-around;
}

.jwduuI {
  font-size: 36px;
  font-weight: bold;
  line-height: 1.2;
}

.hJohEA {
  text-align: center;
}

<div
    className="sc-ifAKCX kDKDgn"
  >
    .foMYJe {
  display: inline-block;
  color: #111;
  height: 110px;
  width: 110px;
  -webkit-user-select: 'none';
  -moz-user-select: 'none';
  -ms-user-select: 'none';
  user-select: 'none';
  fill: #111;
}

<svg
      className="sc-bwzfXH foMYJe"
      color="#111"
      size={110}
      viewBox="0 0 32 32"
    >
      <path
        d="M20.8 18.1c0 2.7-2.2 4.8-4.8 4.8s-4.8-2.1-4.8-4.8c0-2.7 2.2-4.8 4.8-4.8 2.7.1 4.8 2.2 4.8 4.8zm11.2-7.4v14.9c0 2.3-1.9 4.3-4.3 4.3h-23.4c-2.4 0-4.3-1.9-4.3-4.3v-15c0-2.3 1.9-4.3 4.3-4.3h3.7l.8-2.3c.4-1.1 1.7-2 2.9-2h8.6c1.2 0 2.5.9 2.9 2l.8 2.4h3.7c2.4 0 4.3 1.9 4.3 4.3zm-8.6 7.5c0-4.1-3.3-7.5-7.5-7.5-4.1 0-7.5 3.4-7.5 7.5s3.3 7.5 7.5 7.5c4.2-.1 7.5-3.4 7.5-7.5z"
      />
    </svg>
    .jwduuI {
  font-size: 36px;
  font-weight: bold;
  line-height: 1.2;
}

<h1
      className="sc-EHOje jwduuI"
    >
      Unsplash Clone App
    </h1>
    .UOYLj {
  display: inline-block;
  margin-right: 8px;
  color: #FFFFFF;
  fill: #111;
  background-color: #111;
  height: 32px;
  padding: 0 11px;
  font-family: inherit;
  font-size: 14px;
  font-weight: 500;
  line-height: 29px;
  text-decoration: none;
  cursor: pointer;
  border: 1px solid transparent;
  border-color: #ddd;
  border-radius: 5px;
  box-shadow: 0 1px 1px rgba(0,0,0,.04);
  -webkit-transition: all .2s ease-in-out;
  transition: all .2s ease-in-out;
  text-align: center;
  -webkit-user-select: none;
  -moz-user-select: none;
  -ms-user-select: none;
  user-select: none;
  text-decoration: none;
}

<a
      href={undefined}
    >
      .UOYLj {
  display: inline-block;
  margin-right: 8px;
  color: #FFFFFF;
  fill: #111;
  background-color: #111;
  height: 32px;
  padding: 0 11px;
  font-family: inherit;
  font-size: 14px;
  font-weight: 500;
  line-height: 29px;
  text-decoration: none;
  cursor: pointer;
  border: 1px solid transparent;
  border-color: #ddd;
  border-radius: 5px;
  box-shadow: 0 1px 1px rgba(0,0,0,.04);
  -webkit-transition: all .2s ease-in-out;
  transition: all .2s ease-in-out;
  text-align: center;
  -webkit-user-select: none;
  -moz-user-select: none;
  -ms-user-select: none;
  user-select: none;
  text-decoration: none;
}

<button
        className="sc-bdVaJa UOYLj"
        disabled={false}
        onClick={[Function]}
        type="button"
      >
        Authorize by unsplash.com
      </button>
    </a>
    .bZPcXB {
  padding: 6px;
  color: #999;
  text-decoration: underline;
  -webkit-transition: color 0.2s ease-in-out,opacity 0.2s ease-in-out;
  transition: color 0.2s ease-in-out,opacity 0.2s ease-in-out;
}

.bZPcXB:hover,
.bZPcXB:focus {
  color: #111;
}

.hJohEA {
  text-align: center;
}

<div
      className="sc-bZQynM hJohEA"
    >
      this project made by
      .bZPcXB {
  padding: 6px;
  color: #999;
  text-decoration: underline;
  -webkit-transition: color 0.2s ease-in-out,opacity 0.2s ease-in-out;
  transition: color 0.2s ease-in-out,opacity 0.2s ease-in-out;
}

.bZPcXB:hover,
.bZPcXB:focus {
  color: #111;
}

<a
        className="sc-htpNat bZPcXB"
        href="https://twitter.com/atahani"
        target="blank"
      >
        @atahani
      </a>
      for Reactjs + Redux tutorial that recorded for
      .bZPcXB {
  padding: 6px;
  color: #999;
  text-decoration: underline;
  -webkit-transition: color 0.2s ease-in-out,opacity 0.2s ease-in-out;
  transition: color 0.2s ease-in-out,opacity 0.2s ease-in-out;
}

.bZPcXB:hover,
.bZPcXB:focus {
  color: #111;
}

<a
        className="sc-htpNat bZPcXB"
        href="https://faranesh.com/web/16454-clone-unsplashcom-with-reactjs--redux"
        target="blank"
      >
        Faranesh
      </a>
      <br />
      source on
      .bZPcXB {
  padding: 6px;
  color: #999;
  text-decoration: underline;
  -webkit-transition: color 0.2s ease-in-out,opacity 0.2s ease-in-out;
  transition: color 0.2s ease-in-out,opacity 0.2s ease-in-out;
}

.bZPcXB:hover,
.bZPcXB:focus {
  color: #111;
}

<a
        className="sc-htpNat bZPcXB"
        href="https://github.com/atahani/reactjs-unsplash"
        target="blank"
      >
        github
      </a>
    </div>
  </div>
</div>
`;
